Player two js console log: 


[Log] Initializing client... (client.js, line 405)
[Log] Connected to server: – "w-jdXcWdSvr3PI_1AAAR" (client.js, line 45)
[Log] Assigned player number: player2 (client.js, line 50)
[Log] UI elements or game state not ready for update. (client.js, line 169)
[Log] Received game state update (client.js, line 65)
[Log] DEBUG: Received gameState: (client.js, line 68)
"{
  \"board\": {
    \"-6,0\": {
      \"q\": -6,
      \"r\": 0,
      \"color\": \"#FF5733\",
      \"owner\": \"player1\"
    },
    \"-6,1\": {
      \"q\": -6,
      \"r\": 1,
      \"color\": \"#8A2BE2\",
      \"owner\": null
    },
    \"-6,2\": {
      \"q\": -6,
      \"r\": 2,
      \"color\": \"#FFD700\",
      \"owner\": null
    },
    \"-6,3\": {
      \"q\": -6,
      \"r\": 3,
      \"color\": \"#3357FF\",
      \"owner\": null
    },
    \"-6,4\": {
      \"q\": -6,
      \"r\": 4,
      \"color\": \"#FF33A1\",
      \"owner\": null
    },
    \"-6,5\": {
      \"q\": -6,
      \"r\": 5,
      \"color\": \"#FF33A1\",
      \"owner\": null
    },
    \"-6,6\": {
      \"q\": -6,
      \"r\": 6,
      \"color\": \"#FFD700\",
      \"owner\": null
    },
    \"-5,-1\": {
      \"q\": -5,
      \"r\": -1,
      \"color\": \"#8A2BE2\",
      \"owner\": null
    },
    \"-5,0\": {
      \"q\": -5,
      \"r\": 0,
      \"color\": \"#FFD700\",
      \"owner\": null
    },
    \"-5,1\": {
      \"q\": -5,
      \"r\": 1,
      \"color\": \"#FF33A1\",
      \"owner\": null
    },
    \"-5,2\": {
      \"q\": -5,
      \"r\": 2,
      \"color\": \"#33FF57\",
      \"owner\": null
    },
    \"-5,3\": {
      \"q\": -5,
      \"r\": 3,
      \"color\": \"#FF33A1\",
      \"owner\": null
    },
    \"-5,4\": {
      \"q\": -5,
      \"r\": 4,
      \"color\": \"#8A2BE2\",
      \"owner\": null
    },
    \"-5,5\": {
      \"q\": -5,
      \"r\": 5,
      \"color\": \"#33FF57\",
      \"owner\": null
    },
    \"-5,6\": {
      \"q\": -5,
      \"r\": 6,
      \"color\": \"#FF33A1\",
      \"owner\": null
    },
    \"-4,-2\": {
      \"q\": -4,
      \"r\": -2,
      \"color\": \"#FF33A1\",
      \"owner\": null
    },
    \"-4,-1\": {
      \"q\": -4,
      \"r\": -1,
      \"color\": \"#3357FF\",
      \"owner\": null
    },
    \"-4,0\": {
      \"q\": -4,
      \"r\": 0,
      \"color\": \"#FF33A1\",
      \"owner\": null
    },
    \"-4,1\": {
      \"q\": -4,
      \"r\": 1,
      \"color\": \"#3357FF\",
      \"owner\": null
    },
    \"-4,2\": {
      \"q\": -4,
      \"r\": 2,
      \"color\": \"#33FF57\",
      \"owner\": null
    },
    \"-4,3\": {
      \"q\": -4,
      \"r\": 3,
      \"color\": \"#33FF57\",
      \"owner\": null
    },
    \"-4,4\": {
      \"q\": -4,
      \"r\": 4,
      \"color\": \"#8A2BE2\",
      \"owner\": null
    },
    \"-4,5\": {
      \"q\": -4,
      \"r\": 5,
      \"color\": \"#FFD700\",
      \"owner\": null
    },
    \"-4,6\": {
      \"q\": -4,
      \"r\": 6,
      \"color\": \"#33FF57\",
      \"owner\": null
    },
    \"-3,-3\": {
      \"q\": -3,
      \"r\": -3,
      \"color\": \"#3357FF\",
      \"owner\": null
    },
    \"-3,-2\": {
      \"q\": -3,
      \"r\": -2,
      \"color\": \"#8A2BE2\",
      \"owner\": null
    },
    \"-3,-1\": {
      \"q\": -3,
      \"r\": -1,
      \"color\": \"#3357FF\",
      \"owner\": null
    },
    \"-3,0\": {
      \"q\": -3,
      \"r\": 0,
      \"color\": \"#FF33A1\",
      \"owner\": null
    },
    \"-3,1\": {
      \"q\": -3,
      \"r\": 1,
      \"color\": \"#FFD700\",
      \"owner\": null
    },
    \"-3,2\": {
      \"q\": -3,
      \"r\": 2,
      \"color\": \"#FFD700\",
      \"owner\": null
    },
    \"-3,3\": {
      \"q\": -3,
      \"r\": 3,
      \"color\": \"#8A2BE2\",
      \"owner\": null
    },
    \"-3,4\": {
      \"q\": -3,
      \"r\": 4,
      \"color\": \"#8A2BE2\",
      \"owner\": null
    },
    \"-3,5\": {
      \"q\": -3,
      \"r\": 5,
      \"color\": \"#3357FF\",
      \"owner\": null
    },
    \"-3,6\": {
      \"q\": -3,
      \"r\": 6,
      \"color\": \"#8A2BE2\",
      \"owner\": null
    },
    \"-2,-4\": {
      \"q\": -2,
      \"r\": -4,
      \"color\": \"#8A2BE2\",
      \"owner\": null
    },
    \"-2,-3\": {
      \"q\": -2,
      \"r\": -3,
      \"color\": \"#FFD700\",
      \"owner\": null
    },
    \"-2,-2\": {
      \"q\": -2,
      \"r\": -2,
      \"color\": \"#33FF57\",
      \"owner\": null
    },
    \"-2,-1\": {
      \"q\": -2,
      \"r\": -1,
      \"color\": \"#FFD700\",
      \"owner\": null
    },
    \"-2,0\": {
      \"q\": -2,
      \"r\": 0,
      \"color\": \"#FF33A1\",
      \"owner\": null
    },
    \"-2,1\": {
      \"q\": -2,
      \"r\": 1,
      \"color\": \"#FF33A1\",
      \"owner\": null
    },
    \"-2,2\": {
      \"q\": -2,
      \"r\": 2,
      \"color\": \"#33FF57\",
      \"owner\": null
    },
    \"-2,3\": {
      \"q\": -2,
      \"r\": 3,
      \"color\": \"#33FF57\",
      \"owner\": null
    },
    \"-2,4\": {
      \"q\": -2,
      \"r\": 4,
      \"color\": \"#33FF57\",
      \"owner\": null
    },
    \"-2,5\": {
      \"q\": -2,
      \"r\": 5,
      \"color\": \"#FFD700\",
      \"owner\": null
    },
    \"-2,6\": {
      \"q\": -2,
      \"r\": 6,
      \"color\": \"#FFD700\",
      \"owner\": null
    },
    \"-1,-5\": {
      \"q\": -1,
      \"r\": -5,
      \"color\": \"#8A2BE2\",
      \"owner\": null
    },
    \"-1,-4\": {
      \"q\": -1,
      \"r\": -4,
      \"color\": \"#8A2BE2\",
      \"owner\": null
    },
    \"-1,-3\": {
      \"q\": -1,
      \"r\": -3,
      \"color\": \"#FF33A1\",
      \"owner\": null
    },
    \"-1,-2\": {
      \"q\": -1,
      \"r\": -2,
      \"color\": \"#FFD700\",
      \"owner\": null
    },
    \"-1,-1\": {
      \"q\": -1,
      \"r\": -1,
      \"color\": \"#FFD700\",
      \"owner\": null
    },
    \"-1,0\": {
      \"q\": -1,
      \"r\": 0,
      \"color\": \"#33FF57\",
      \"owner\": null
    },
    \"-1,1\": {
      \"q\": -1,
      \"r\": 1,
      \"color\": \"#8A2BE2\",
      \"owner\": null
    },
    \"-1,2\": {
      \"q\": -1,
      \"r\": 2,
      \"color\": \"#8A2BE2\",
      \"owner\": null
    },
    \"-1,3\": {
      \"q\": -1,
      \"r\": 3,
      \"color\": \"#3357FF\",
      \"owner\": null
    },
    \"-1,4\": {
      \"q\": -1,
      \"r\": 4,
      \"color\": \"#8A2BE2\",
      \"owner\": null
    },
    \"-1,5\": {
      \"q\": -1,
      \"r\": 5,
      \"color\": \"#8A2BE2\",
      \"owner\": null
    },
    \"-1,6\": {
      \"q\": -1,
      \"r\": 6,
      \"color\": \"#33FF57\",
      \"owner\": null
    },
    \"0,-6\": {
      \"q\": 0,
      \"r\": -6,
      \"color\": \"#33FF57\",
      \"owner\": null
    },
    \"0,-5\": {
      \"q\": 0,
      \"r\": -5,
      \"color\": \"#33FF57\",
      \"owner\": null
    },
    \"0,-4\": {
      \"q\": 0,
      \"r\": -4,
      \"color\": \"#8A2BE2\",
      \"owner\": null
    },
    \"0,-3\": {
      \"q\": 0,
      \"r\": -3,
      \"color\": \"#33FF57\",
      \"owner\": null
    },
    \"0,-2\": {
      \"q\": 0,
      \"r\": -2,
      \"color\": \"#FFD700\",
      \"owner\": null
    },
    \"0,-1\": {
      \"q\": 0,
      \"r\": -1,
      \"color\": \"#8A2BE2\",
      \"owner\": null
    },
    \"0,0\": {
      \"q\": 0,
      \"r\": 0,
      \"color\": \"#FFD700\",
      \"owner\": null
    },
    \"0,1\": {
      \"q\": 0,
      \"r\": 1,
      \"color\": \"#FF33A1\",
      \"owner\": null
    },
    \"0,2\": {
      \"q\": 0,
      \"r\": 2,
      \"color\": \"#33FF57\",
      \"owner\": null
    },
    \"0,3\": {
      \"q\": 0,
      \"r\": 3,
      \"color\": \"#3357FF\",
      \"owner\": null
    },
    \"0,4\": {
      \"q\": 0,
      \"r\": 4,
      \"color\": \"#33FF57\",
      \"owner\": null
    },
    \"0,5\": {
      \"q\": 0,
      \"r\": 5,
      \"color\": \"#FF33A1\",
      \"owner\": null
    },
    \"0,6\": {
      \"q\": 0,
      \"r\": 6,
      \"color\": \"#3357FF\",
      \"owner\": null
    },
    \"1,-6\": {
      \"q\": 1,
      \"r\": -6,
      \"color\": \"#33FF57\",
      \"owner\": null
    },
    \"1,-5\": {
      \"q\": 1,
      \"r\": -5,
      \"color\": \"#FFD700\",
      \"owner\": null
    },
    \"1,-4\": {
      \"q\": 1,
      \"r\": -4,
      \"color\": \"#FFD700\",
      \"owner\": null
    },
    \"1,-3\": {
      \"q\": 1,
      \"r\": -3,
      \"color\": \"#33FF57\",
      \"owner\": null
    },
    \"1,-2\": {
      \"q\": 1,
      \"r\": -2,
      \"color\": \"#33FF57\",
      \"owner\": null
    },
    \"1,-1\": {
      \"q\": 1,
      \"r\": -1,
      \"color\": \"#33FF57\",
      \"owner\": null
    },
    \"1,0\": {
      \"q\": 1,
      \"r\": 0,
      \"color\": \"#FFD700\",
      \"owner\": null
    },
    \"1,1\": {
      \"q\": 1,
      \"r\": 1,
      \"color\": \"#FF33A1\",
      \"owner\": null
    },
    \"1,2\": {
      \"q\": 1,
      \"r\": 2,
      \"color\": \"#3357FF\",
      \"owner\": null
    },
    \"1,3\": {
      \"q\": 1,
      \"r\": 3,
      \"color\": \"#3357FF\",
      \"owner\": null
    },
    \"1,4\": {
      \"q\": 1,
      \"r\": 4,
      \"color\": \"#3357FF\",
      \"owner\": null
    },
    \"1,5\": {
      \"q\": 1,
      \"r\": 5,
      \"color\": \"#FFD700\",
      \"owner\": null
    },
    \"2,-6\": {
      \"q\": 2,
      \"r\": -6,
      \"color\": \"#8A2BE2\",
      \"owner\": null
    },
    \"2,-5\": {
      \"q\": 2,
      \"r\": -5,
      \"color\": \"#3357FF\",
      \"owner\": null
    },
    \"2,-4\": {
      \"q\": 2,
      \"r\": -4,
      \"color\": \"#FFD700\",
      \"owner\": null
    },
    \"2,-3\": {
      \"q\": 2,
      \"r\": -3,
      \"color\": \"#8A2BE2\",
      \"owner\": null
    },
    \"2,-2\": {
      \"q\": 2,
      \"r\": -2,
      \"color\": \"#FFD700\",
      \"owner\": null
    },
    \"2,-1\": {
      \"q\": 2,
      \"r\": -1,
      \"color\": \"#FFD700\",
      \"owner\": null
    },
    \"2,0\": {
      \"q\": 2,
      \"r\": 0,
      \"color\": \"#FF33A1\",
      \"owner\": null
    },
    \"2,1\": {
      \"q\": 2,
      \"r\": 1,
      \"color\": \"#FFD700\",
      \"owner\": null
    },
    \"2,2\": {
      \"q\": 2,
      \"r\": 2,
      \"color\": \"#3357FF\",
      \"owner\": null
    },
    \"2,3\": {
      \"q\": 2,
      \"r\": 3,
      \"color\": \"#FFD700\",
      \"owner\": null
    },
    \"2,4\": {
      \"q\": 2,
      \"r\": 4,
      \"color\": \"#FFD700\",
      \"owner\": null
    },
    \"3,-6\": {
      \"q\": 3,
      \"r\": -6,
      \"color\": \"#FF33A1\",
      \"owner\": null
    },
    \"3,-5\": {
      \"q\": 3,
      \"r\": -5,
      \"color\": \"#8A2BE2\",
      \"owner\": null
    },
    \"3,-4\": {
      \"q\": 3,
      \"r\": -4,
      \"color\": \"#33FF57\",
      \"owner\": null
    },
    \"3,-3\": {
      \"q\": 3,
      \"r\": -3,
      \"color\": \"#FF33A1\",
      \"owner\": null
    },
    \"3,-2\": {
      \"q\": 3,
      \"r\": -2,
      \"color\": \"#FFD700\",
      \"owner\": null
    },
    \"3,-1\": {
      \"q\": 3,
      \"r\": -1,
      \"color\": \"#FF33A1\",
      \"owner\": null
    },
    \"3,0\": {
      \"q\": 3,
      \"r\": 0,
      \"color\": \"#8A2BE2\",
      \"owner\": null
    },
    \"3,1\": {
      \"q\": 3,
      \"r\": 1,
      \"color\": \"#3357FF\",
      \"owner\": null
    },
    \"3,2\": {
      \"q\": 3,
      \"r\": 2,
      \"color\": \"#FF33A1\",
      \"owner\": null
    },
    \"3,3\": {
      \"q\": 3,
      \"r\": 3,
      \"color\": \"#8A2BE2\",
      \"owner\": null
    },
    \"4,-6\": {
      \"q\": 4,
      \"r\": -6,
      \"color\": \"#33FF57\",
      \"owner\": null
    },
    \"4,-5\": {
      \"q\": 4,
      \"r\": -5,
      \"color\": \"#33FF57\",
      \"owner\": null
    },
    \"4,-4\": {
      \"q\": 4,
      \"r\": -4,
      \"color\": \"#33FF57\",
      \"owner\": null
    },
    \"4,-3\": {
      \"q\": 4,
      \"r\": -3,
      \"color\": \"#8A2BE2\",
      \"owner\": null
    },
    \"4,-2\": {
      \"q\": 4,
      \"r\": -2,
      \"color\": \"#FF33A1\",
      \"owner\": null
    },
    \"4,-1\": {
      \"q\": 4,
      \"r\": -1,
      \"color\": \"#FFD700\",
      \"owner\": null
    },
    \"4,0\": {
      \"q\": 4,
      \"r\": 0,
      \"color\": \"#FF33A1\",
      \"owner\": null
    },
    \"4,1\": {
      \"q\": 4,
      \"r\": 1,
      \"color\": \"#33FF57\",
      \"owner\": null
    },
    \"4,2\": {
      \"q\": 4,
      \"r\": 2,
      \"color\": \"#FFD700\",
      \"owner\": null
    },
    \"5,-6\": {
      \"q\": 5,
      \"r\": -6,
      \"color\": \"#FF33A1\",
      \"owner\": null
    },
    \"5,-5\": {
      \"q\": 5,
      \"r\": -5,
      \"color\": \"#FF33A1\",
      \"owner\": null
    },
    \"5,-4\": {
      \"q\": 5,
      \"r\": -4,
      \"color\": \"#8A2BE2\",
      \"owner\": null
    },
    \"5,-3\": {
      \"q\": 5,
      \"r\": -3,
      \"color\": \"#8A2BE2\",
      \"owner\": null
    },
    \"5,-2\": {
      \"q\": 5,
      \"r\": -2,
      \"color\": \"#FFD700\",
      \"owner\": null
    },
    \"5,-1\": {
      \"q\": 5,
      \"r\": -1,
      \"color\": \"#FF33A1\",
      \"owner\": null
    },
    \"5,0\": {
      \"q\": 5,
      \"r\": 0,
      \"color\": \"#FF33A1\",
      \"owner\": null
    },
    \"5,1\": {
      \"q\": 5,
      \"r\": 1,
      \"color\": \"#3357FF\",
      \"owner\": null
    },
    \"6,-6\": {
      \"q\": 6,
      \"r\": -6,
      \"color\": \"#3357FF\",
      \"owner\": null
    },
    \"6,-5\": {
      \"q\": 6,
      \"r\": -5,
      \"color\": \"#FFD700\",
      \"owner\": null
    },
    \"6,-4\": {
      \"q\": 6,
      \"r\": -4,
      \"color\": \"#3357FF\",
      \"owner\": null
    },
    \"6,-3\": {
      \"q\": 6,
      \"r\": -3,
      \"color\": \"#8A2BE2\",
      \"owner\": null
    },
    \"6,-2\": {
      \"q\": 6,
      \"r\": -2,
      \"color\": \"#FF33A1\",
      \"owner\": null
    },
    \"6,-1\": {
      \"q\": 6,
      \"r\": -1,
      \"color\": \"#33FF57\",
      \"owner\": null
    },
    \"6,0\": {
      \"q\": 6,
      \"r\": 0,
      \"color\": \"#33FF57\",
      \"owner\": \"player2\"
    }
  },
  \"players\": {
    \"player1\": {
      \"id\": null,
      \"socketId\": \"3U3kmAt5uyBq-aExAAAP\",
      \"score\": 1,
      \"startHex\": \"-6,0\",
      \"color\": \"#FF5733\"
    },
    \"player2\": {
      \"id\": null,
      \"socketId\": \"w-jdXcWdSvr3PI_1AAAR\",
      \"score\": 1,
      \"startHex\": \"6,0\",
      \"color\": \"#33FF57\"
    }
  },
  \"turn\": \"player1\",
  \"gameStarted\": false,
  \"winner\": null
}"
[Log] Received game state update (client.js, line 65)
[Log] DEBUG: Received gameState: (client.js, line 68)
"{
  \"board\": {
    \"-6,0\": {
      \"q\": -6,
      \"r\": 0,
      \"color\": \"#FF5733\",
      \"owner\": \"player1\"
    },
    \"-6,1\": {
      \"q\": -6,
      \"r\": 1,
      \"color\": \"#8A2BE2\",
      \"owner\": null
    },
    \"-6,2\": {
      \"q\": -6,
      \"r\": 2,
      \"color\": \"#FFD700\",
      \"owner\": null
    },
    \"-6,3\": {
      \"q\": -6,
      \"r\": 3,
      \"color\": \"#3357FF\",
      \"owner\": null
    },
    \"-6,4\": {
      \"q\": -6,
      \"r\": 4,
      \"color\": \"#FF33A1\",
      \"owner\": null
    },
    \"-6,5\": {
      \"q\": -6,
      \"r\": 5,
      \"color\": \"#FF33A1\",
      \"owner\": null
    },
    \"-6,6\": {
      \"q\": -6,
      \"r\": 6,
      \"color\": \"#FFD700\",
      \"owner\": null
    },
    \"-5,-1\": {
      \"q\": -5,
      \"r\": -1,
      \"color\": \"#8A2BE2\",
      \"owner\": null
    },
    \"-5,0\": {
      \"q\": -5,
      \"r\": 0,
      \"color\": \"#FFD700\",
      \"owner\": null
    },
    \"-5,1\": {
      \"q\": -5,
      \"r\": 1,
      \"color\": \"#FF33A1\",
      \"owner\": null
    },
    \"-5,2\": {
      \"q\": -5,
      \"r\": 2,
      \"color\": \"#33FF57\",
      \"owner\": null
    },
    \"-5,3\": {
      \"q\": -5,
      \"r\": 3,
      \"color\": \"#FF33A1\",
      \"owner\": null
    },
    \"-5,4\": {
      \"q\": -5,
      \"r\": 4,
      \"color\": \"#8A2BE2\",
      \"owner\": null
    },
    \"-5,5\": {
      \"q\": -5,
      \"r\": 5,
      \"color\": \"#33FF57\",
      \"owner\": null
    },
    \"-5,6\": {
      \"q\": -5,
      \"r\": 6,
      \"color\": \"#FF33A1\",
      \"owner\": null
    },
    \"-4,-2\": {
      \"q\": -4,
      \"r\": -2,
      \"color\": \"#FF33A1\",
      \"owner\": null
    },
    \"-4,-1\": {
      \"q\": -4,
      \"r\": -1,
      \"color\": \"#3357FF\",
      \"owner\": null
    },
    \"-4,0\": {
      \"q\": -4,
      \"r\": 0,
      \"color\": \"#FF33A1\",
      \"owner\": null
    },
    \"-4,1\": {
      \"q\": -4,
      \"r\": 1,
      \"color\": \"#3357FF\",
      \"owner\": null
    },
    \"-4,2\": {
      \"q\": -4,
      \"r\": 2,
      \"color\": \"#33FF57\",
      \"owner\": null
    },
    \"-4,3\": {
      \"q\": -4,
      \"r\": 3,
      \"color\": \"#33FF57\",
      \"owner\": null
    },
    \"-4,4\": {
      \"q\": -4,
      \"r\": 4,
      \"color\": \"#8A2BE2\",
      \"owner\": null
    },
    \"-4,5\": {
      \"q\": -4,
      \"r\": 5,
      \"color\": \"#FFD700\",
      \"owner\": null
    },
    \"-4,6\": {
      \"q\": -4,
      \"r\": 6,
      \"color\": \"#33FF57\",
      \"owner\": null
    },
    \"-3,-3\": {
      \"q\": -3,
      \"r\": -3,
      \"color\": \"#3357FF\",
      \"owner\": null
    },
    \"-3,-2\": {
      \"q\": -3,
      \"r\": -2,
      \"color\": \"#8A2BE2\",
      \"owner\": null
    },
    \"-3,-1\": {
      \"q\": -3,
      \"r\": -1,
      \"color\": \"#3357FF\",
      \"owner\": null
    },
    \"-3,0\": {
      \"q\": -3,
      \"r\": 0,
      \"color\": \"#FF33A1\",
      \"owner\": null
    },
    \"-3,1\": {
      \"q\": -3,
      \"r\": 1,
      \"color\": \"#FFD700\",
      \"owner\": null
    },
    \"-3,2\": {
      \"q\": -3,
      \"r\": 2,
      \"color\": \"#FFD700\",
      \"owner\": null
    },
    \"-3,3\": {
      \"q\": -3,
      \"r\": 3,
      \"color\": \"#8A2BE2\",
      \"owner\": null
    },
    \"-3,4\": {
      \"q\": -3,
      \"r\": 4,
      \"color\": \"#8A2BE2\",
      \"owner\": null
    },
    \"-3,5\": {
      \"q\": -3,
      \"r\": 5,
      \"color\": \"#3357FF\",
      \"owner\": null
    },
    \"-3,6\": {
      \"q\": -3,
      \"r\": 6,
      \"color\": \"#8A2BE2\",
      \"owner\": null
    },
    \"-2,-4\": {
      \"q\": -2,
      \"r\": -4,
      \"color\": \"#8A2BE2\",
      \"owner\": null
    },
    \"-2,-3\": {
      \"q\": -2,
      \"r\": -3,
      \"color\": \"#FFD700\",
      \"owner\": null
    },
    \"-2,-2\": {
      \"q\": -2,
      \"r\": -2,
      \"color\": \"#33FF57\",
      \"owner\": null
    },
    \"-2,-1\": {
      \"q\": -2,
      \"r\": -1,
      \"color\": \"#FFD700\",
      \"owner\": null
    },
    \"-2,0\": {
      \"q\": -2,
      \"r\": 0,
      \"color\": \"#FF33A1\",
      \"owner\": null
    },
    \"-2,1\": {
      \"q\": -2,
      \"r\": 1,
      \"color\": \"#FF33A1\",
      \"owner\": null
    },
    \"-2,2\": {
      \"q\": -2,
      \"r\": 2,
      \"color\": \"#33FF57\",
      \"owner\": null
    },
    \"-2,3\": {
      \"q\": -2,
      \"r\": 3,
      \"color\": \"#33FF57\",
      \"owner\": null
    },
    \"-2,4\": {
      \"q\": -2,
      \"r\": 4,
      \"color\": \"#33FF57\",
      \"owner\": null
    },
    \"-2,5\": {
      \"q\": -2,
      \"r\": 5,
      \"color\": \"#FFD700\",
      \"owner\": null
    },
    \"-2,6\": {
      \"q\": -2,
      \"r\": 6,
      \"color\": \"#FFD700\",
      \"owner\": null
    },
    \"-1,-5\": {
      \"q\": -1,
      \"r\": -5,
      \"color\": \"#8A2BE2\",
      \"owner\": null
    },
    \"-1,-4\": {
      \"q\": -1,
      \"r\": -4,
      \"color\": \"#8A2BE2\",
      \"owner\": null
    },
    \"-1,-3\": {
      \"q\": -1,
      \"r\": -3,
      \"color\": \"#FF33A1\",
      \"owner\": null
    },
    \"-1,-2\": {
      \"q\": -1,
      \"r\": -2,
      \"color\": \"#FFD700\",
      \"owner\": null
    },
    \"-1,-1\": {
      \"q\": -1,
      \"r\": -1,
      \"color\": \"#FFD700\",
      \"owner\": null
    },
    \"-1,0\": {
      \"q\": -1,
      \"r\": 0,
      \"color\": \"#33FF57\",
      \"owner\": null
    },
    \"-1,1\": {
      \"q\": -1,
      \"r\": 1,
      \"color\": \"#8A2BE2\",
      \"owner\": null
    },
    \"-1,2\": {
      \"q\": -1,
      \"r\": 2,
      \"color\": \"#8A2BE2\",
      \"owner\": null
    },
    \"-1,3\": {
      \"q\": -1,
      \"r\": 3,
      \"color\": \"#3357FF\",
      \"owner\": null
    },
    \"-1,4\": {
      \"q\": -1,
      \"r\": 4,
      \"color\": \"#8A2BE2\",
      \"owner\": null
    },
    \"-1,5\": {
      \"q\": -1,
      \"r\": 5,
      \"color\": \"#8A2BE2\",
      \"owner\": null
    },
    \"-1,6\": {
      \"q\": -1,
      \"r\": 6,
      \"color\": \"#33FF57\",
      \"owner\": null
    },
    \"0,-6\": {
      \"q\": 0,
      \"r\": -6,
      \"color\": \"#33FF57\",
      \"owner\": null
    },
    \"0,-5\": {
      \"q\": 0,
      \"r\": -5,
      \"color\": \"#33FF57\",
      \"owner\": null
    },
    \"0,-4\": {
      \"q\": 0,
      \"r\": -4,
      \"color\": \"#8A2BE2\",
      \"owner\": null
    },
    \"0,-3\": {
      \"q\": 0,
      \"r\": -3,
      \"color\": \"#33FF57\",
      \"owner\": null
    },
    \"0,-2\": {
      \"q\": 0,
      \"r\": -2,
      \"color\": \"#FFD700\",
      \"owner\": null
    },
    \"0,-1\": {
      \"q\": 0,
      \"r\": -1,
      \"color\": \"#8A2BE2\",
      \"owner\": null
    },
    \"0,0\": {
      \"q\": 0,
      \"r\": 0,
      \"color\": \"#FFD700\",
      \"owner\": null
    },
    \"0,1\": {
      \"q\": 0,
      \"r\": 1,
      \"color\": \"#FF33A1\",
      \"owner\": null
    },
    \"0,2\": {
      \"q\": 0,
      \"r\": 2,
      \"color\": \"#33FF57\",
      \"owner\": null
    },
    \"0,3\": {
      \"q\": 0,
      \"r\": 3,
      \"color\": \"#3357FF\",
      \"owner\": null
    },
    \"0,4\": {
      \"q\": 0,
      \"r\": 4,
      \"color\": \"#33FF57\",
      \"owner\": null
    },
    \"0,5\": {
      \"q\": 0,
      \"r\": 5,
      \"color\": \"#FF33A1\",
      \"owner\": null
    },
    \"0,6\": {
      \"q\": 0,
      \"r\": 6,
      \"color\": \"#3357FF\",
      \"owner\": null
    },
    \"1,-6\": {
      \"q\": 1,
      \"r\": -6,
      \"color\": \"#33FF57\",
      \"owner\": null
    },
    \"1,-5\": {
      \"q\": 1,
      \"r\": -5,
      \"color\": \"#FFD700\",
      \"owner\": null
    },
    \"1,-4\": {
      \"q\": 1,
      \"r\": -4,
      \"color\": \"#FFD700\",
      \"owner\": null
    },
    \"1,-3\": {
      \"q\": 1,
      \"r\": -3,
      \"color\": \"#33FF57\",
      \"owner\": null
    },
    \"1,-2\": {
      \"q\": 1,
      \"r\": -2,
      \"color\": \"#33FF57\",
      \"owner\": null
    },
    \"1,-1\": {
      \"q\": 1,
      \"r\": -1,
      \"color\": \"#33FF57\",
      \"owner\": null
    },
    \"1,0\": {
      \"q\": 1,
      \"r\": 0,
      \"color\": \"#FFD700\",
      \"owner\": null
    },
    \"1,1\": {
      \"q\": 1,
      \"r\": 1,
      \"color\": \"#FF33A1\",
      \"owner\": null
    },
    \"1,2\": {
      \"q\": 1,
      \"r\": 2,
      \"color\": \"#3357FF\",
      \"owner\": null
    },
    \"1,3\": {
      \"q\": 1,
      \"r\": 3,
      \"color\": \"#3357FF\",
      \"owner\": null
    },
    \"1,4\": {
      \"q\": 1,
      \"r\": 4,
      \"color\": \"#3357FF\",
      \"owner\": null
    },
    \"1,5\": {
      \"q\": 1,
      \"r\": 5,
      \"color\": \"#FFD700\",
      \"owner\": null
    },
    \"2,-6\": {
      \"q\": 2,
      \"r\": -6,
      \"color\": \"#8A2BE2\",
      \"owner\": null
    },
    \"2,-5\": {
      \"q\": 2,
      \"r\": -5,
      \"color\": \"#3357FF\",
      \"owner\": null
    },
    \"2,-4\": {
      \"q\": 2,
      \"r\": -4,
      \"color\": \"#FFD700\",
      \"owner\": null
    },
    \"2,-3\": {
      \"q\": 2,
      \"r\": -3,
      \"color\": \"#8A2BE2\",
      \"owner\": null
    },
    \"2,-2\": {
      \"q\": 2,
      \"r\": -2,
      \"color\": \"#FFD700\",
      \"owner\": null
    },
    \"2,-1\": {
      \"q\": 2,
      \"r\": -1,
      \"color\": \"#FFD700\",
      \"owner\": null
    },
    \"2,0\": {
      \"q\": 2,
      \"r\": 0,
      \"color\": \"#FF33A1\",
      \"owner\": null
    },
    \"2,1\": {
      \"q\": 2,
      \"r\": 1,
      \"color\": \"#FFD700\",
      \"owner\": null
    },
    \"2,2\": {
      \"q\": 2,
      \"r\": 2,
      \"color\": \"#3357FF\",
      \"owner\": null
    },
    \"2,3\": {
      \"q\": 2,
      \"r\": 3,
      \"color\": \"#FFD700\",
      \"owner\": null
    },
    \"2,4\": {
      \"q\": 2,
      \"r\": 4,
      \"color\": \"#FFD700\",
      \"owner\": null
    },
    \"3,-6\": {
      \"q\": 3,
      \"r\": -6,
      \"color\": \"#FF33A1\",
      \"owner\": null
    },
    \"3,-5\": {
      \"q\": 3,
      \"r\": -5,
      \"color\": \"#8A2BE2\",
      \"owner\": null
    },
    \"3,-4\": {
      \"q\": 3,
      \"r\": -4,
      \"color\": \"#33FF57\",
      \"owner\": null
    },
    \"3,-3\": {
      \"q\": 3,
      \"r\": -3,
      \"color\": \"#FF33A1\",
      \"owner\": null
    },
    \"3,-2\": {
      \"q\": 3,
      \"r\": -2,
      \"color\": \"#FFD700\",
      \"owner\": null
    },
    \"3,-1\": {
      \"q\": 3,
      \"r\": -1,
      \"color\": \"#FF33A1\",
      \"owner\": null
    },
    \"3,0\": {
      \"q\": 3,
      \"r\": 0,
      \"color\": \"#8A2BE2\",
      \"owner\": null
    },
    \"3,1\": {
      \"q\": 3,
      \"r\": 1,
      \"color\": \"#3357FF\",
      \"owner\": null
    },
    \"3,2\": {
      \"q\": 3,
      \"r\": 2,
      \"color\": \"#FF33A1\",
      \"owner\": null
    },
    \"3,3\": {
      \"q\": 3,
      \"r\": 3,
      \"color\": \"#8A2BE2\",
      \"owner\": null
    },
    \"4,-6\": {
      \"q\": 4,
      \"r\": -6,
      \"color\": \"#33FF57\",
      \"owner\": null
    },
    \"4,-5\": {
      \"q\": 4,
      \"r\": -5,
      \"color\": \"#33FF57\",
      \"owner\": null
    },
    \"4,-4\": {
      \"q\": 4,
      \"r\": -4,
      \"color\": \"#33FF57\",
      \"owner\": null
    },
    \"4,-3\": {
      \"q\": 4,
      \"r\": -3,
      \"color\": \"#8A2BE2\",
      \"owner\": null
    },
    \"4,-2\": {
      \"q\": 4,
      \"r\": -2,
      \"color\": \"#FF33A1\",
      \"owner\": null
    },
    \"4,-1\": {
      \"q\": 4,
      \"r\": -1,
      \"color\": \"#FFD700\",
      \"owner\": null
    },
    \"4,0\": {
      \"q\": 4,
      \"r\": 0,
      \"color\": \"#FF33A1\",
      \"owner\": null
    },
    \"4,1\": {
      \"q\": 4,
      \"r\": 1,
      \"color\": \"#33FF57\",
      \"owner\": null
    },
    \"4,2\": {
      \"q\": 4,
      \"r\": 2,
      \"color\": \"#FFD700\",
      \"owner\": null
    },
    \"5,-6\": {
      \"q\": 5,
      \"r\": -6,
      \"color\": \"#FF33A1\",
      \"owner\": null
    },
    \"5,-5\": {
      \"q\": 5,
      \"r\": -5,
      \"color\": \"#FF33A1\",
      \"owner\": null
    },
    \"5,-4\": {
      \"q\": 5,
      \"r\": -4,
      \"color\": \"#8A2BE2\",
      \"owner\": null
    },
    \"5,-3\": {
      \"q\": 5,
      \"r\": -3,
      \"color\": \"#8A2BE2\",
      \"owner\": null
    },
    \"5,-2\": {
      \"q\": 5,
      \"r\": -2,
      \"color\": \"#FFD700\",
      \"owner\": null
    },
    \"5,-1\": {
      \"q\": 5,
      \"r\": -1,
      \"color\": \"#FF33A1\",
      \"owner\": null
    },
    \"5,0\": {
      \"q\": 5,
      \"r\": 0,
      \"color\": \"#FF33A1\",
      \"owner\": null
    },
    \"5,1\": {
      \"q\": 5,
      \"r\": 1,
      \"color\": \"#3357FF\",
      \"owner\": null
    },
    \"6,-6\": {
      \"q\": 6,
      \"r\": -6,
      \"color\": \"#3357FF\",
      \"owner\": null
    },
    \"6,-5\": {
      \"q\": 6,
      \"r\": -5,
      \"color\": \"#FFD700\",
      \"owner\": null
    },
    \"6,-4\": {
      \"q\": 6,
      \"r\": -4,
      \"color\": \"#3357FF\",
      \"owner\": null
    },
    \"6,-3\": {
      \"q\": 6,
      \"r\": -3,
      \"color\": \"#8A2BE2\",
      \"owner\": null
    },
    \"6,-2\": {
      \"q\": 6,
      \"r\": -2,
      \"color\": \"#FF33A1\",
      \"owner\": null
    },
    \"6,-1\": {
      \"q\": 6,
      \"r\": -1,
      \"color\": \"#33FF57\",
      \"owner\": null
    },
    \"6,0\": {
      \"q\": 6,
      \"r\": 0,
      \"color\": \"#33FF57\",
      \"owner\": \"player2\"
    }
  },
  \"players\": {
    \"player1\": {
      \"id\": null,
      \"socketId\": \"3U3kmAt5uyBq-aExAAAP\",
      \"score\": 1,
      \"startHex\": \"-6,0\",
      \"color\": \"#FF5733\"
    },
    \"player2\": {
      \"id\": null,
      \"socketId\": \"w-jdXcWdSvr3PI_1AAAR\",
      \"score\": 1,
      \"startHex\": \"6,0\",
      \"color\": \"#33FF57\"
    }
  },
  \"turn\": \"player1\",
  \"gameStarted\": true,
  \"winner\": null
}"
[Error] Unhandled Promise Rejection: ReferenceError: Can't find variable: AVAILABLE_COLORS
	updateColorButtons (client.js:149)
	updateUI (client.js:208)
	(anonymous function) (client.js:85)
	(anonymous function) (socket.io.js:627)
	emitEvent (socket.io.js:4042)
	onevent (socket.io.js:4021)
	onpacket (socket.io.js:3989)
	(anonymous function) (socket.io.js:627)
	(anonymous function) (socket.io.js:4693)


Server console output: 

MacBookPro:hexstorm jcase$ node server.js
Initializing game state...
Game state initialized.
Server listening on port 3000
A user connected: fXHomK_mC4jDJ-RZAAAB
Assigned fXHomK_mC4jDJ-RZAAAB to player1
A user connected: bvQfP9vVLghuu6JnAAAD
Assigned bvQfP9vVLghuu6JnAAAD to player2
Both players connected. Starting game.
User disconnected: fXHomK_mC4jDJ-RZAAAB
Player player1 disconnected.
A player disconnected mid-game. Resetting.
Initializing game state...
Game state initialized.
A user connected: wKevnVRIejFGNGAMAAAF
Assigned wKevnVRIejFGNGAMAAAF to player1
Both players connected. Starting game.
User disconnected: bvQfP9vVLghuu6JnAAAD
Player player2 disconnected.
A player disconnected mid-game. Resetting.
Initializing game state...
Game state initialized.